// Vitest Snapshot v1

exports[`Loading Test Suit > Loading Snapshot 1`] = `null`;
