// Vitest Snapshot v1

exports[`Typography Test Suit > Typography Snapshot 1`] = `<div />`;
